2026-05-06 14:46:07  INFO      ╔════════════════════════════════════════════════════╗
2026-05-06 14:46:07  INFO      ║       WHED Scraper  — Starting                     ║
2026-05-06 14:46:07  INFO      ║  Country : Pakistan                                ║
2026-05-06 14:46:07  INFO      ║  Output  : whed_output                             ║
2026-05-06 14:46:07  INFO      ╚════════════════════════════════════════════════════╝
2026-05-06 14:46:07  INFO      ============================================================
2026-05-06 14:46:07  INFO      Phase 1: Scraping institution list for country='Pakistan'
2026-05-06 14:46:07  INFO      ============================================================
2026-05-06 14:46:07  INFO        Fetching list page offset=0 …
2026-05-06 14:46:09  INFO        Total institutions found: 175
2026-05-06 14:46:09  INFO        Parsed 10 institutions from this page
2026-05-06 14:46:14  INFO        Fetching list page offset=10 …
2026-05-06 14:46:15  INFO        Parsed 10 institutions from this page
2026-05-06 14:46:17  INFO        Fetching list page offset=20 …
2026-05-06 14:46:18  INFO        Parsed 10 institutions from this page
2026-05-06 14:46:21  INFO        Fetching list page offset=30 …
2026-05-06 14:46:21  INFO        Parsed 10 institutions from this page
2026-05-06 14:46:24  INFO        Fetching list page offset=40 …
2026-05-06 14:46:25  INFO        Parsed 10 institutions from this page
2026-05-06 14:46:29  INFO        Fetching list page offset=50 …
2026-05-06 14:46:29  INFO        Parsed 10 institutions from this page
2026-05-06 14:46:34  INFO        Fetching list page offset=60 …
2026-05-06 14:46:34  INFO        Parsed 10 institutions from this page
2026-05-06 14:46:37  INFO        Fetching list page offset=70 …
2026-05-06 14:46:37  INFO        Parsed 10 institutions from this page
2026-05-06 14:46:42  INFO        Fetching list page offset=80 …
2026-05-06 14:46:42  INFO        Parsed 10 institutions from this page
2026-05-06 14:46:48  INFO        Fetching list page offset=90 …
2026-05-06 14:46:48  INFO        Parsed 10 institutions from this page
2026-05-06 14:46:53  INFO        Fetching list page offset=100 …
2026-05-06 14:46:54  INFO        Parsed 10 institutions from this page
2026-05-06 14:46:58  INFO        Fetching list page offset=110 …
2026-05-06 14:46:59  INFO        Parsed 10 institutions from this page
2026-05-06 14:51:20  INFO      ╔════════════════════════════════════════════════════╗
2026-05-06 14:51:20  INFO      ║       WHED Scraper  — Starting                     ║
2026-05-06 14:51:20  INFO      ║  Country : Pakistan                                ║
2026-05-06 14:51:20  INFO      ║  Output  : whed_output                             ║
2026-05-06 14:51:20  INFO      ╚════════════════════════════════════════════════════╝
2026-05-06 14:51:20  INFO      ============================================================
2026-05-06 14:51:20  INFO      Phase 1: Scraping institution list for country='Pakistan'
2026-05-06 14:51:20  INFO      ============================================================
2026-05-06 14:51:20  INFO        Fetching list page offset=0 …
2026-05-06 14:51:22  INFO        Total institutions found: 175
2026-05-06 14:51:22  INFO        Parsed 10 institutions from this page
2026-05-06 14:51:25  INFO        Fetching list page offset=10 …
2026-05-06 14:51:25  INFO        Parsed 10 institutions from this page
2026-05-06 14:51:28  INFO        Fetching list page offset=20 …
2026-05-06 14:51:28  INFO        Parsed 10 institutions from this page
2026-05-06 14:51:33  INFO        Fetching list page offset=30 …
2026-05-06 14:51:33  INFO        Parsed 10 institutions from this page
2026-05-06 14:51:38  INFO        Fetching list page offset=40 …
2026-05-06 14:51:38  INFO        Parsed 10 institutions from this page
